// Jest Snapshot v1, https://goo.gl/fbAQLP

exports[`matches snapshot 1`] = `
<DocumentFragment>
  <div
    class="TodosContainer"
  >
    <div>
      <div
        class="NewTodoForm"
      >
        <form>
          <h4>
            ToDo List
          </h4>
          <div>
            <label
              for="task"
            >
              Task
            </label>
            <input
              id="task"
              name="task"
              placeholder="Enter Task"
              type="text"
              value=""
            />
          </div>
          <button>
            Add a ToDo!
          </button>
        </form>
      </div>
      <section
        class="todos"
      />
    </div>
  </div>
</DocumentFragment>
`;
